// Jest Snapshot v1, https://goo.gl/fbAQLP

exports[`Hello, world! 1`] = `
Object {
  "fields": Array [
    "ka",
    "kb",
  ],
  "rows": Array [
    Array [
      "va1",
      "vb1",
    ],
    Array [
      "va2",
      "vb2",
    ],
  ],
}
`;
